
> nextjs-app@0.1.0 dev
> tsx watch server.ts

✓ Server starting on http://0.0.0.0:3000
✓ Projects directory: /Users/aravh/mvpgen/ai-code-generator/nextjs-app/projects
WebSocket connected for project 14c5b027-4c99-4f20-9fa6-f1132d9eaa54
(node:67030) [DEP0169] DeprecationWarning: `url.parse()` behavior is not standardized and prone to errors that have security implications. Use the WHATWG URL API instead. CVEs are not issued for `url.parse()` vulnerabilities.
(Use `node --trace-deprecation ...` to show where the warning was created)
 ○ Compiling /api/projects/[id] ...
 ✓ Compiled /api/projects/[id] in 681ms (302 modules)
 GET /api/projects/14c5b027-4c99-4f20-9fa6-f1132d9eaa54 200 in 1494ms
 ✓ Compiled /api/projects/[id]/messages in 139ms (304 modules)
 POST /api/projects/14c5b027-4c99-4f20-9fa6-f1132d9eaa54/messages 200 in 729ms
 GET /api/projects/14c5b027-4c99-4f20-9fa6-f1132d9eaa54 200 in 35ms
 GET /api/projects/14c5b027-4c99-4f20-9fa6-f1132d9eaa54 200 in 69ms
 GET /api/projects/14c5b027-4c99-4f20-9fa6-f1132d9eaa54 200 in 24ms
 GET /api/projects/14c5b027-4c99-4f20-9fa6-f1132d9eaa54 200 in 28ms
 GET /api/projects/14c5b027-4c99-4f20-9fa6-f1132d9eaa54 200 in 41ms
 GET /api/projects/14c5b027-4c99-4f20-9fa6-f1132d9eaa54 200 in 23ms
 GET /api/projects/14c5b027-4c99-4f20-9fa6-f1132d9eaa54 200 in 24ms
 GET /api/projects/14c5b027-4c99-4f20-9fa6-f1132d9eaa54 200 in 24ms
 GET /api/projects/14c5b027-4c99-4f20-9fa6-f1132d9eaa54 200 in 31ms
 GET /api/projects/14c5b027-4c99-4f20-9fa6-f1132d9eaa54 200 in 22ms
 GET /api/projects/14c5b027-4c99-4f20-9fa6-f1132d9eaa54 200 in 21ms
 GET /api/projects/14c5b027-4c99-4f20-9fa6-f1132d9eaa54 200 in 22ms
 GET /api/projects/14c5b027-4c99-4f20-9fa6-f1132d9eaa54 200 in 23ms
 GET /api/projects/14c5b027-4c99-4f20-9fa6-f1132d9eaa54 200 in 23ms
 GET /api/projects/14c5b027-4c99-4f20-9fa6-f1132d9eaa54 200 in 25ms
 GET /api/projects/14c5b027-4c99-4f20-9fa6-f1132d9eaa54 200 in 24ms
 GET /api/projects/14c5b027-4c99-4f20-9fa6-f1132d9eaa54 200 in 28ms
 GET /api/projects/14c5b027-4c99-4f20-9fa6-f1132d9eaa54 200 in 19ms
 GET /api/projects/14c5b027-4c99-4f20-9fa6-f1132d9eaa54 200 in 17ms
 DELETE /api/projects/14c5b027-4c99-4f20-9fa6-f1132d9eaa54 200 in 40ms
 GET /api/projects/14c5b027-4c99-4f20-9fa6-f1132d9eaa54 404 in 28ms
WebSocket disconnected for project 14c5b027-4c99-4f20-9fa6-f1132d9eaa54
 ✓ Compiled /api/projects in 228ms (326 modules)
 GET /api/projects 200 in 328ms
WebSocket connected for project 14c5b027-4c99-4f20-9fa6-f1132d9eaa54
 ○ Compiling / ...
 ✓ Compiled / in 842ms (666 modules)
 GET / 200 in 1178ms
WebSocket disconnected for project 14c5b027-4c99-4f20-9fa6-f1132d9eaa54
 GET / 200 in 88ms
 GET / 200 in 74ms
 ⨯ Module not found: Error: Can't resolve 'next-flight-client-entry-loader' in '/Users/aravh/mvpgen/ai-code-generator/nextjs-app'
5:49:59 AM [tsx] unlink in ./postcss.config.mjs Restarting...
cnode:internal/modules/cjs/loader:1413
  throw err;
  ^

Error: Cannot find module '/Users/aravh/mvpgen/ai-code-generator/nextjs-app/node_modules/tsx/dist/preflight.cjs'
Require stack:
- internal/preload
    at Module._resolveFilename (node:internal/modules/cjs/loader:1410:15)
    at defaultResolveImpl (node:internal/modules/cjs/loader:1051:19)
    at resolveForCJSWithHooks (node:internal/modules/cjs/loader:1056:22)
    at Module._load (node:internal/modules/cjs/loader:1219:37)
    at TracingChannel.traceSync (node:diagnostics_channel:322:14)
    at wrapModuleLoad (node:internal/modules/cjs/loader:238:24)
    at Module.require (node:internal/modules/cjs/loader:1493:12)
    at node:internal/modules/cjs/loader:2024:12
    at loadPreloadModules (node:internal/process/pre_execution:689:5)
    at setupUserModules (node:internal/process/pre_execution:205:5) {
  code: 'MODULE_NOT_FOUND',
  requireStack: [ 'internal/preload' ]
}

Node.js v24.5.0
